Resolving dependencies...
Downloading packages...
  archive 4.0.9 (4.3.0 available)
  code_assets 1.2.1 (2.0.0 available)
  hooks 2.0.2 (2.2.0 available)
  material_color_utilities 0.13.0 (0.13.1 available)
  meta 1.18.3 (1.19.0 available)
  objective_c 9.5.0 (9.6.0 available)
  qr 3.0.2 (4.0.0 available)
  record_use 0.6.0 (1.1.1 available)
  test_api 0.7.12 (0.7.14 available)
  vector_math 2.4.0 (2.4.2 available)
Got dependencies!
10 packages have newer versions incompatible with dependency constraints.
Try `flutter pub outdated` for more information.
Running Gradle task 'assembleRelease'...                        
Font asset "MaterialIcons-Regular.otf" was tree-shaken, reducing it from 1645184 to 4824 bytes (99.7% reduction). Tree-shaking can be disabled by providing the --no-tree-shake-icons flag when building your app.
Checking the license for package CMake 3.22.1 in /usr/local/lib/android/sdk/licenses
License for package CMake 3.22.1 accepted.
Preparing "Install CMake 3.22.1 v.3.22.1".
"Install CMake 3.22.1 v.3.22.1" ready.
Installing CMake 3.22.1 in /usr/local/lib/android/sdk/cmake/3.22.1
"Install CMake 3.22.1 v.3.22.1" complete.
"Install CMake 3.22.1 v.3.22.1" finished.
/home/runner/work/doc-scanner-app/doc-scanner-app/android/app/src/main/AndroidManifest.xml:6:79-105 Error:
	Attribute uses-permission#android.permission.WRITE_EXTERNAL_STORAGE@maxSdkVersion value=(29) from AndroidManifest.xml:6:79-105
	is also present at [:camera_android_camerax] AndroidManifest.xml:13:9-35 value=(28).
	Suggestion: add 'tools:replace="android:maxSdkVersion"' to <uses-permission> element at AndroidManifest.xml:6:5-107 to override.

FAILURE: Build failed with an exception.

* What went wrong:
Execution failed for task ':app:processReleaseMainManifest'.
> Manifest merger failed : Attribute uses-permission#android.permission.WRITE_EXTERNAL_STORAGE@maxSdkVersion value=(29) from AndroidManifest.xml:6:79-105
  	is also present at [:camera_android_camerax] AndroidManifest.xml:13:9-35 value=(28).
  	Suggestion: add 'tools:replace="android:maxSdkVersion"' to <uses-permission> element at AndroidManifest.xml:6:5-107 to override.

* Try:
> Run with --stacktrace option to get the stack trace.
> Run with --info or --debug option to get more log output.
> Run with --scan to get full insights from a Build Scan (powered by Develocity).
> Get more help at https://help.gradle.org.

BUILD FAILED in 4m 6s
Running Gradle task 'assembleRelease'...                          247.7s
Gradle task assembleRelease failed with exit code 1
